[index-2.html]
[backblue.gif]
[fade.gif]
[index.html]
[assets/css/img/favicon.ico]
[assets/css/grids9a31.css]
[assets/css/hcaptcha9a31.css]
[assets/css/style9a31.css]
[assets/css/external-libs9a31.css]
[assets/css/ii/iframeStyle9a31.css]
[uploads/ZlqRP23T/inicio1__msi___jpg.jpg]
[index1556.html]
[uploads/C93a5i2M/FONDOCLARO__msi___png.png]
[serveis.html]
[pressupost.html]
[coneix-nos.html]
[contacte.html]
[copiargracias.html]
[copiaraviso-legal.html]
[copiarpolitica-de-privacidad.html]
[copiarpolitica-de-cookies.html]
[copiardeclaracion-de-accesibilidad.html]
[es.html]
[en.html]
[indexd49e.html]
[uploads/56LKAmLQ/down-arrow-white-small.gif]
[uploads/Yd7TBSef/inicio2_425__msi___jpg.jpg]
[index287a.html]
[index9a8e.html]
[indexd0ca.html]
[index9e5e.html]
[index0e13.html]
[assets/js/loader-polyfills9a31.js]
[index-2.html]
[gtm5445.html]
[assets/js/loader9a31.js]
[assets/css/fonts/fa-brands-400.woff2]
[assets/css/fonts/fa-regular-400.woff2]
[assets/css/fonts/fa-solid-900.woff2]
[assets/css/fonts/fa-v4compatibility.woff2]
[assets/css/fonts/fa-brands-400.ttf]
[assets/css/fonts/fa-regular-400.ttf]
[assets/css/fonts/fa-solid-900.ttf]
[assets/css/grids9a31.css]
[assets/css/fonts/fa-v4compatibility.ttf]
[assets/css/hcaptcha9a31.css]
[assets/css/img/hcaptcha-badge-tool.png]
[assets/css/fonts/fontello.eot]
[assets/css/fonts/fontellod41d.eot]
[assets/css/fonts/fontello.woff]
[assets/css/fonts/fontello.ttf]
[assets/css/fonts/nationale-demibold-webfont.eot]
[assets/css/fonts/nationale-demibold-webfontd41d.eot]
[assets/css/fonts/nationale-demibold-webfont.woff]
[assets/css/fonts/nationale-demibold-webfont.ttf]
[assets/css/fonts/nationale-extrabold-webfont.eot]
[assets/css/fonts/nationale-extrabold-webfontd41d.eot]
[assets/css/fonts/nationale-extrabold-webfont.woff]
[assets/css/fonts/nationale-extrabold-webfont.woff2]
[assets/css/fonts/nationale-extrabold-webfont.ttf]
[assets/css/fonts/nationale-regular-webfont.eot]
[assets/css/fonts/nationale-regular-webfontd41d.eot]
[assets/css/fonts/nationale-regular-webfont.woff]
[assets/css/fonts/nationale-regular-webfont.ttf]
[assets/css/img/loading-2x.png]
[assets/css/img/loading.png]
[assets/css/img/defaultImgPlaceholder.png]
[tactile/omnibox/reveal-entity-icons-20131112.png]
[assets/css/img/hcaptcha.png]
[assets/css/style9a31.css]
[assets/css/images/layers.png]
[assets/css/images/layers-2x.png]
[assets/css/images/marker-icon.png]
[assets/css/images/geocoder.png]
[assets/css/images/throbber.gif]
[assets/css/external-libs9a31.css]
[assets/css/ii/iframeStyle9a31.css]
[es/servicios.html]
[es/presupuestos.html]
[es/conocenos.html]
[es/contacto.html]
[es/gracias.html]
[es/aviso-legal.html]
[es/politica-de-privacidad.html]
[es/politica-de-cookies.html]
[index1556.html]
[es/declaracion-de-accesibilidad.html]
[uploads/gR6Ocq2D/thorefem_banner_servicios_ordenador5__msi___jpg.jpg]
[uploads/tczAZvZg/IMG_7229__msi___jpg.jpg]
[uploads/p0EnatNB/thorefem_banner_servicios_movil3__msi___jpg.jpg]
[uploads/pRsWHt6F/IMG_7253__msi___jpg.jpg]
[uploads/PYhtmFXQ/I__msi___jpg.jpg]
[uploads/ZlqRP23T/I1__msi___jpg.jpg]
[uploads/CqbVWuu9/j__msi___jpg.jpg]
[uploads/I5j9QvdR/j1__msi___jpg.jpg]
[uploads/lt1edFAf/r__msi___jpg.jpg]
[uploads/ck5SpK84/r1__msi___jpg.jpg]
[uploads/56epreoN/x__msi___jpg.jpg]
[uploads/QHdnnDIP/x1__msi___jpg.jpg]
[uploads/CeHoMhSr/z__msi___jpg.jpg]
[uploads/MqeSpxkx/z1__msi___jpg.jpg]
[uploads/moNXfFGA/a__msi___jpg.jpg]
[uploads/W3v4GBUI/a1__msi___jpg.jpg]
[uploads/llppRP2U/b__msi___jpg.jpg]
[uploads/C0ooY2zx/b11__msi___jpg.jpg]
[uploads/Gu2cVjrO/d__msi___jpg.jpg]
[uploads/SDOBjQ8z/d1__msi___jpg.jpg]
[uploads/KvCJQrjF/e__msi___jpg.jpg]
[uploads/mKi049Z6/e1__msi___jpg.jpg]
[uploads/rbJpezIs/f__msi___jpg.jpg]
[uploads/9iBBorku/f1__msi___jpg.jpg]
[uploads/qWC9HEWF/h__msi___jpg.jpg]
[uploads/LDVIQqDa/h1__msi___jpg.jpg]
[uploads/YllFbw5v/1a-foto-cocinas-y-baos__msi___jpg.jpg]
[uploads/HKN1nqsF/PHOTO-2024-02-02-01-11-153__msi___jpg.jpg]
[uploads/d6l7KsWs/e11__msi___jpg.jpg]
[uploads/C0ooY2zx/b1__msi___jpg.jpg]
[uploads/jO0f7AKj/1a-paredes-y-acabados__msi___jpg.jpg]
[uploads/naWtWaWJ/2a-foto-paredes-y-acabados-__msi___jpg.jpg]
[uploads/pVMfQtQH/IMG_71881__msi___jpg.jpg]
[uploads/EfHjLRt1/PHOTO-2024-02-02-01-23-11__msi___jpg.jpg]
[uploads/dOaJuJwq/IMG_7100__msi___jpg.jpg]
[uploads/FK2cMrPQ/IMG_7097__msi___jpg.jpg]
[uploads/t8FcYvK2/IMG_7096__msi___jpg.jpg]
[uploads/8anQZqML/IMG_7095__msi___jpg.jpg]
[uploads/UdZeUXOs/IMG_7091__msi___jpg.jpg]
[uploads/zrIChLXj/IMG_7287__msi___jpg.jpg]
[uploads/9DVY0vOE/IMG_71751__msi___jpg.jpg]
[uploads/4t3i1tQn/terrazadespues__msi___jpg.jpg]
[uploads/mOUczUK2/IMG_69861__msi___jpg.jpg]
[uploads/OTjEcVsK/250a29ce-ab71-41ab-8d62-40e3cd4b93d6__msi___jpg.jpg]
[uploads/oEAGyhne/2a__msi___jpg.jpg]
[uploads/pL4JnNRg/1a__msi___jpg.jpg]
[uploads/HRgAb1pZ/IMG_7271__msi___jpg.jpg]
[uploads/PzVyztsW/IMG_72081__msi___jpg.jpg]
[uploads/ObdVn3Qx/IMG_7235__msi___jpg.jpg]
[uploads/AqkZITeH/4a-renovacin-y-modernizacin__msi___jpg.jpg]
[uploads/XKdPhXsG/IMG_7085__msi___jpg.jpg]
[uploads/3ZKSdy5Z/IMG_7072__msi___jpg.jpg]
[uploads/sJOU8B8T/IMG_7045__msi___jpg.jpg]
[uploads/8u0sEyQa/IMG_7063__msi___jpg.jpg]
[serveis.html]
[uploads/91RcpScC/IMG_7026_820_401_659__msi___jpg.jpg]
[uploads/yjCWtOMd/thorefem_banner_presupuestos_movil2__msi___jpg.jpg]
[pressupost.html]
[uploads/NjVazwm0/thorefem_banner_conocenos_ordenador__msi___jpg.jpg]
[uploads/lv6SuEAi/thorefem_banner_conocenos_movil7__msi___jpg.jpg]
[uploads/3N3V6U6V/image00001FILEminimizer1__msi___png.png]
[coneix-nos.html]
[uploads/LojjuLka/IMG_7195_114__msi___jpg.jpg]
[uploads/t2ZJiWmb/thorefem_banner_contacto_movil2__msi___jpg.jpg]
[contacte.html]
[copiargracias.html]
[en/copiargracias.html]
[copiaraviso-legal.html]
[en/copiaraviso-legal.html]
[copiarpolitica-de-privacidad.html]
[en/copiarpolitica-de-privacidad.html]
[copiarpolitica-de-cookies.html]
[en/copiarpolitica-de-cookies.html]
[copiardeclaracion-de-accesibilidad.html]
[en/copiardeclaracion-de-accesibilidad.html]
[es.html]
[en/services.html]
[en/budgets.html]
[en/know-us.html]
[en.html]
[en/contact.html]
[indexd49e.html]
[index287a.html]
[index9a8e.html]
[indexd0ca.html]
[index9e5e.html]
[index0e13.html]
[assets/css/img/hcaptcha-badge.svg]
[assets/css/fonts/fontello.svg]
[assets/css/fonts/nationale-demibold-webfont.svg]
[assets/css/fonts/nationale-extrabold-webfont.svg]
[assets/css/fonts/nationale-regular-webfont.svg]
[assets/css/icons/accordd.svg]
[assets/css/icons/ad.svg]
[assets/css/icons/ae.svg]
[assets/css/icons/af.svg]
[assets/css/icons/ag.svg]
[assets/css/icons/ai.svg]
[assets/css/icons/al.svg]
[assets/css/icons/am.svg]
[assets/css/icons/americanexpress.svg]
[assets/css/icons/ao.svg]
[assets/css/icons/aq.svg]
[assets/css/icons/ar.svg]
[assets/css/icons/as.svg]
[assets/css/icons/at.svg]
[assets/css/icons/au.svg]
[assets/css/icons/aw.svg]
[assets/css/icons/ax.svg]
[assets/css/icons/az.svg]
[assets/css/icons/ba.svg]
[assets/css/icons/bb.svg]
[assets/css/icons/bd.svg]
[assets/css/icons/be.svg]
[assets/css/icons/bf.svg]
[assets/css/icons/bg.svg]
[assets/css/icons/bh.svg]
[assets/css/icons/bi.svg]
[assets/css/icons/bj.svg]
[assets/css/icons/bl.svg]
[assets/css/icons/bm.svg]
[assets/css/icons/bn.svg]
[assets/css/icons/bo.svg]
[assets/css/icons/bq.svg]
[assets/css/icons/br.svg]
[assets/css/icons/bs.svg]
[assets/css/icons/bt.svg]
[assets/css/icons/bv.svg]
[assets/css/icons/bw.svg]
[assets/css/icons/by.svg]
[assets/css/icons/bz.svg]
[assets/css/icons/ca.svg]
[assets/css/icons/cash.svg]
[assets/css/icons/cc.svg]
[assets/css/icons/cd.svg]
[assets/css/icons/cf.svg]
[assets/css/icons/cg.svg]
[assets/css/icons/ch.svg]
[assets/css/icons/cheque.svg]
[assets/css/icons/ci.svg]
[assets/css/icons/ck.svg]
[assets/css/icons/cl.svg]
[assets/css/icons/cm.svg]
[assets/css/icons/cn.svg]
[assets/css/icons/co.svg]
[assets/css/icons/cr.svg]
[assets/css/icons/cu.svg]
[assets/css/icons/cv.svg]
[assets/css/icons/cw.svg]
[assets/css/icons/cx.svg]
[assets/css/icons/cy.svg]
[assets/css/icons/cz.svg]
[assets/css/icons/de.svg]
[assets/css/icons/dinersclub.svg]
[assets/css/icons/6.323]
[assets/css/icons/discover.svg]
[assets/css/icons/dj.svg]
[assets/css/icons/dk.svg]
[assets/css/icons/dm.svg]
[assets/css/icons/do.svg]
[assets/css/icons/dz.svg]
[assets/css/icons/ec.svg]
[assets/css/icons/ee.svg]
[assets/css/icons/eg.svg]
[assets/css/icons/eh.svg]
[assets/css/icons/emailtransfer.svg]
[assets/css/icons/er.svg]
[assets/css/icons/es.svg]
[assets/css/icons/es-ct.svg]
[assets/css/icons/es-ga.svg]
[assets/css/icons/es-pv.svg]
[assets/css/icons/et.svg]
[assets/css/icons/eu.svg]
[assets/css/icons/fi.svg]
[assets/css/icons/fj.svg]
[assets/css/icons/fk.svg]
[assets/css/icons/fm.svg]
[assets/css/icons/fo.svg]
[assets/css/icons/fr-cash.svg]
[assets/css/icons/fr-cheque.svg]
[assets/css/icons/fr-emailtransfer.svg]
[assets/css/icons/fr-giftcard.svg]
[assets/css/icons/fr-interac.svg]
[assets/css/icons/fr-interacetransfer.svg]
[assets/css/icons/fr-travelerscheque.svg]
[assets/css/icons/fr.svg]
[assets/css/icons/ga.svg]
[assets/css/icons/gb-eng.svg]
[assets/css/icons/gb-nir.svg]
[assets/css/icons/gb-sct.svg]
[assets/css/icons/gb-wls.svg]
[assets/css/icons/gb.svg]
[assets/css/icons/gd.svg]
[assets/css/icons/ge.svg]
[assets/css/icons/gf.svg]
[assets/css/icons/gg.svg]
[assets/css/icons/gh.svg]
[assets/css/icons/gi.svg]
[assets/css/icons/giftcard.svg]
[assets/css/icons/gl.svg]
[assets/css/icons/gm.svg]
[assets/css/icons/gn.svg]
[assets/css/icons/gp.svg]
[assets/css/icons/gq.svg]
[assets/css/icons/gr.svg]
[assets/css/icons/gs.svg]
[assets/css/icons/gt.svg]
[assets/css/icons/gu.svg]
[assets/css/icons/gw.svg]
[assets/css/icons/gy.svg]
[assets/css/icons/hk.svg]
[assets/css/icons/hm.svg]
[assets/css/icons/hn.svg]
[assets/css/icons/hr.svg]
[assets/css/icons/ht.svg]
[assets/css/icons/hu.svg]
[assets/css/icons/id.svg]
[assets/css/icons/ie.svg]
[assets/css/icons/il.svg]
[assets/css/icons/im.svg]
[assets/css/icons/in.svg]
[assets/css/icons/interac.svg]
[assets/css/icons/interacetransfer.svg]
[assets/css/icons/io.svg]
[assets/css/icons/iq.svg]
[assets/css/icons/ir.svg]
[assets/css/icons/is.svg]
[assets/css/icons/it.svg]
[assets/css/icons/je.svg]
[assets/css/icons/jm.svg]
[assets/css/icons/jo.svg]
[assets/css/icons/jp.svg]
[assets/css/icons/ke.svg]
[assets/css/icons/kg.svg]
[assets/css/icons/kh.svg]
[assets/css/icons/ki.svg]
[assets/css/icons/klarna.svg]
[assets/css/icons/km.svg]
[assets/css/icons/kn.svg]
[assets/css/icons/kp.svg]
[assets/css/icons/kr.svg]
[assets/css/icons/kw.svg]
[assets/css/icons/ky.svg]
[assets/css/icons/kz.svg]
[assets/css/icons/la.svg]
[assets/css/icons/lb.svg]
[assets/css/icons/lc.svg]
[assets/css/icons/li.svg]
[assets/css/icons/lk.svg]
[assets/css/icons/lr.svg]
[assets/css/icons/ls.svg]
[assets/css/icons/lt.svg]
[assets/css/icons/lu.svg]
[assets/css/icons/lv.svg]
[assets/css/icons/ly.svg]
[assets/css/icons/ma.svg]
[assets/css/icons/mastercard.svg]
[assets/css/icons/maestro.svg]
[assets/css/icons/mc.svg]
[assets/css/icons/md.svg]
[assets/css/icons/me.svg]
[assets/css/icons/mf.svg]
[assets/css/icons/mg.svg]
[assets/css/icons/mh.svg]
[assets/css/icons/mk.svg]
[assets/css/icons/ml.svg]
[assets/css/icons/mm.svg]
[assets/css/icons/mn.svg]
[assets/css/icons/mo.svg]
[assets/css/icons/mp.svg]
[assets/css/icons/mq.svg]
[assets/css/icons/mr.svg]
[assets/css/icons/ms.svg]
[assets/css/icons/mt.svg]
[assets/css/icons/mu.svg]
[assets/css/icons/mv.svg]
[assets/css/icons/mw.svg]
[assets/css/icons/mx.svg]
[assets/css/icons/my.svg]
[assets/css/icons/mz.svg]
[assets/css/icons/na.svg]
[assets/css/icons/nc.svg]
[assets/css/icons/ne.svg]
[assets/css/icons/nf.svg]
[assets/css/icons/ng.svg]
[assets/css/icons/ni.svg]
[assets/css/icons/nl.svg]
[assets/css/icons/no.svg]
[assets/css/icons/np.svg]
[assets/css/icons/nr.svg]
[assets/css/icons/nu.svg]
[assets/css/icons/nz.svg]
[assets/css/icons/om.svg]
[assets/css/icons/pa.svg]
[assets/css/icons/papal.svg]
[assets/css/icons/paypal.svg]
[assets/css/icons/pe.svg]
[assets/css/icons/pf.svg]
[assets/css/icons/pg.svg]
[assets/css/icons/ph.svg]
[assets/css/icons/pk.svg]
[assets/css/icons/pl.svg]
[assets/css/icons/postfinance.svg]
[assets/css/icons/pm.svg]
[assets/css/icons/pn.svg]
[assets/css/icons/pr.svg]
[assets/css/icons/ps.svg]
[assets/css/icons/pt.svg]
[assets/css/icons/pw.svg]
[assets/css/icons/py.svg]
[assets/css/icons/qa.svg]
[assets/css/icons/re.svg]
[assets/css/icons/ro.svg]
[assets/css/icons/rs.svg]
[assets/css/icons/ru.svg]
[assets/css/icons/rw.svg]
[assets/css/icons/sa.svg]
[assets/css/icons/sb.svg]
[assets/css/icons/sc.svg]
[assets/css/icons/sd.svg]
[assets/css/icons/se.svg]
[assets/css/icons/sg.svg]
[assets/css/icons/sh.svg]
[assets/css/icons/si.svg]
[assets/css/icons/sj.svg]
[assets/css/icons/sk.svg]
[assets/css/icons/sl.svg]
[assets/css/icons/sm.svg]
[assets/css/icons/sn.svg]
[assets/css/icons/so.svg]
[assets/css/icons/sr.svg]
[assets/css/icons/ss.svg]
[assets/css/icons/st.svg]
[assets/css/icons/sv.svg]
[assets/css/icons/sx.svg]
[assets/css/icons/sy.svg]
[assets/css/icons/sz.svg]
[assets/css/icons/tc.svg]
[assets/css/icons/td.svg]
[assets/css/icons/tf.svg]
[assets/css/icons/tg.svg]
[assets/css/icons/th.svg]
[assets/css/icons/tj.svg]
[assets/css/icons/tk.svg]
[assets/css/icons/tl.svg]
[assets/css/icons/tm.svg]
[assets/css/icons/tn.svg]
[assets/css/icons/to.svg]
[assets/css/icons/tr.svg]
[assets/css/icons/travelerscheque.svg]
[assets/css/icons/tt.svg]
[assets/css/icons/tv.svg]
[assets/css/icons/tw.svg]
[assets/css/icons/tz.svg]
[assets/css/icons/ua.svg]
[assets/css/icons/ug.svg]
[assets/css/icons/um.svg]
[assets/css/icons/un.svg]
[assets/css/icons/us.svg]
[assets/css/icons/uy.svg]
[assets/css/icons/uz.svg]
[assets/css/icons/va.svg]
[assets/css/icons/vc.svg]
[assets/css/icons/ve.svg]
[assets/css/icons/vg.svg]
[assets/css/icons/vi.svg]
[assets/css/icons/visa.svg]
[assets/css/icons/vn.svg]
[assets/css/icons/vu.svg]
[assets/css/icons/wf.svg]
[assets/css/icons/ws.svg]
[assets/css/icons/ye.svg]
[assets/css/icons/yt.svg]
[assets/css/icons/za.svg]
[assets/css/icons/zm.svg]
[assets/css/icons/zw.svg]
[assets/css/icons/bancontact.svg]
[assets/css/icons/cashicon.svg]
[assets/css/icons/ecocheques.svg]
[assets/css/icons/ticketrestaurant.svg]
[assets/css/icons/visaelectron.svg]
[assets/css/icons/facturatie.svg]
[assets/css/icons/edenred.svg]
[assets/css/icons/eurosymbolblack.svg]
[assets/css/icons/sodexo.svg]
[assets/css/icons/mobilepay.svg]
[assets/css/icons/twint.svg]
[assets/css/icons/vpay.svg]
[assets/css/icons/vipps.svg]
[assets/css/images/layers.html]
[assets/css/images/layers-2x.html]
[assets/css/images/geocoder.html]
[assets/css/images/throbber.html]
[es/servicios.html]
[es/presupuestos.html]
[es/conocenos.html]
[es/contacto.html]
[es/gracias.html]
[es/aviso-legal.html]
[es/politica-de-privacidad.html]
[es/politica-de-cookies.html]
[es/declaracion-de-accesibilidad.html]
[en/copiargracias.html]
[en/copiaraviso-legal.html]
[en/copiarpolitica-de-privacidad.html]
[en/copiarpolitica-de-cookies.html]
[en/copiardeclaracion-de-accesibilidad.html]
[en/services.html]
[en/budgets.html]
[en/know-us.html]
[en/contact.html]
[assets/css/icons/6.html]
